[dotenv@17.3.1] injecting env (8) from .env -- tip: ΓÜÖ∩╕Å  specify custom .env file path with { path: '/custom/path/.env' }
[dotenv@17.3.1] injecting env (0) from .env -- tip: ΓÜÖ∩╕Å  write to custom object with { processEnv: myObject }
Step 1: Downloading images...
node : (node:2092) 
Warning: Setting the NODE_T
LS_REJECT_UNAUTHORIZED 
environment variable to 
'0' makes TLS connections 
and HTTPS requests 
insecure by disabling 
certificate verification.
At line:1 char:1
+ node test-vton.js > 
test-output.txt 2>&1; 
Get-Content test-output.txt
+ ~~~~~~~~~~~~~~~~~~~~~~~~~
~~~~~~~~~~~~~~~
    + CategoryInfo         
     : NotSpecified: ((no  
  de:2092) War...e verif   
 ication.:String) [], R    
emoteException
    + FullyQualifiedErrorI 
   d : NativeCommandError
 
(Use `node 
--trace-warnings ...` to 
show where the warning was 
created)
Γ£à Person: 42755 bytes | Garment: 31303 bytes

Step 2: Compositing with sharp...
Γ£à Composited image: 33269 bytes

Step 3: Uploading to Cloudinary...
Γ£à Result URL: https://res.cloudinary.com/dusq3tohv/image/upload/v1775312685/tryon_test/slhbprojlhfhsxo8uzun.jpg
